W0824 01:02:41.473000 1 torch/utils/_pytree.py:630] <enum 'KernelPreference'> is an Enum subclass and is now natively supported by torch.compile as an opaque value type. Calling register_constant() on Enum subclasses is deprecated and will be an error in a future release.
W0824 01:02:41.504000 1 torch/utils/_pytree.py:630] <enum 'ScaleCalculationMode'> is an Enum subclass and is now natively supported by torch.compile as an opaque value type. Calling register_constant() on Enum subclasses is deprecated and will be an error in a future release.
/opt/venv/lib/python3.12/site-packages/sglang/srt/layers/quantization/gguf.py:64: UserWarning: Only CUDA, MUSA and NPU support GGUF quantization currently.
  warnings.warn(f"Only CUDA, MUSA and NPU support GGUF quantization currently.")
[woq-shim] torch.cuda.{synchronize,Stream,Event,...} -> torch.xpu (for spec-decode)
[woq-shim] installed: GPTQLinearScheme -> auto_round_kernel.woqgemm (XPU int4)
W0824 01:03:10.713000 511 torch/utils/_pytree.py:630] <enum 'KernelPreference'> is an Enum subclass and is now natively supported by torch.compile as an opaque value type. Calling register_constant() on Enum subclasses is deprecated and will be an error in a future release.
W0824 01:03:10.746000 511 torch/utils/_pytree.py:630] <enum 'ScaleCalculationMode'> is an Enum subclass and is now natively supported by torch.compile as an opaque value type. Calling register_constant() on Enum subclasses is deprecated and will be an error in a future release.
W0824 01:03:11.105000 513 torch/utils/_pytree.py:630] <enum 'KernelPreference'> is an Enum subclass and is now natively supported by torch.compile as an opaque value type. Calling register_constant() on Enum subclasses is deprecated and will be an error in a future release.
W0824 01:03:11.137000 513 torch/utils/_pytree.py:630] <enum 'ScaleCalculationMode'> is an Enum subclass and is now natively supported by torch.compile as an opaque value type. Calling register_constant() on Enum subclasses is deprecated and will be an error in a future release.
W0824 01:03:11.199000 512 torch/utils/_pytree.py:630] <enum 'KernelPreference'> is an Enum subclass and is now natively supported by torch.compile as an opaque value type. Calling register_constant() on Enum subclasses is deprecated and will be an error in a future release.
W0824 01:03:11.237000 512 torch/utils/_pytree.py:630] <enum 'ScaleCalculationMode'> is an Enum subclass and is now natively supported by torch.compile as an opaque value type. Calling register_constant() on Enum subclasses is deprecated and will be an error in a future release.
/opt/venv/lib/python3.12/site-packages/sglang/srt/layers/quantization/gguf.py:64: UserWarning: Only CUDA, MUSA and NPU support GGUF quantization currently.
  warnings.warn(f"Only CUDA, MUSA and NPU support GGUF quantization currently.")
[woq-shim] torch.cuda.{synchronize,Stream,Event,...} -> torch.xpu (for spec-decode)
[woq-shim] installed: GPTQLinearScheme -> auto_round_kernel.woqgemm (XPU int4)
/opt/venv/lib/python3.12/site-packages/sglang/srt/layers/quantization/gguf.py:64: UserWarning: Only CUDA, MUSA and NPU support GGUF quantization currently.
  warnings.warn(f"Only CUDA, MUSA and NPU support GGUF quantization currently.")
[woq-shim] torch.cuda.{synchronize,Stream,Event,...} -> torch.xpu (for spec-decode)
[woq-shim] installed: GPTQLinearScheme -> auto_round_kernel.woqgemm (XPU int4)
/opt/venv/lib/python3.12/site-packages/sglang/srt/layers/quantization/gguf.py:64: UserWarning: Only CUDA, MUSA and NPU support GGUF quantization currently.
  warnings.warn(f"Only CUDA, MUSA and NPU support GGUF quantization currently.")
[woq-shim] torch.cuda.{synchronize,Stream,Event,...} -> torch.xpu (for spec-decode)
[woq-shim] installed: GPTQLinearScheme -> auto_round_kernel.woqgemm (XPU int4)
[argraph r0] setup_torch OK
[argraph r1] setup_torch OK
[argraph r0] exchange OK (scratch + shm barrier + IPC event pool)
[argraph r1] exchange OK (scratch + shm barrier + IPC event pool)
/opt/venv/lib/python3.12/site-packages/torch/distributed/c10d_logger.py:83: UserWarning: barrier(): using the device under current context. You can specify `device_id` in `init_process_group` to mute this warning.
  return func(*args, **kwargs)
[rank1]:[W824 01:03:14.900287936 ProcessGroupXCCL.cpp:1916] [PG ID 0 PG GUID 0 Rank 1]  using GPU 1 as device used by this process is currently unknown. This can potentially cause a hang if this rank to GPU mapping is incorrect. You can specify device_id in init_process_group() to force use of a particular device.
[rank0]:[W824 01:03:14.900660626 ProcessGroupXCCL.cpp:1916] [PG ID 0 PG GUID 0 Rank 0]  using GPU 0 as device used by this process is currently unknown. This can potentially cause a hang if this rank to GPU mapping is incorrect. You can specify device_id in init_process_group() to force use of a particular device.
2026:08:24-01:03:14:  513 |CCL_WARN| did not find MPI-launcher specific variables, switch to ATL/OFI, to force enable ATL/MPI set CCL_ATL_TRANSPORT=mpi
2026:08:24-01:03:14:  513 |CCL_WARN| value of CCL_TOPO_P2P_ACCESS changed to be 0 (default:-1)
2026:08:24-01:03:14:  513 |CCL_WARN| could not get local_idx/count from environment variables, trying to get them from ATL
2026:08:24-01:03:14:  512 |CCL_WARN| did not find MPI-launcher specific variables, switch to ATL/OFI, to force enable ATL/MPI set CCL_ATL_TRANSPORT=mpi
2026:08:24-01:03:14:  512 |CCL_WARN| value of CCL_TOPO_P2P_ACCESS changed to be 0 (default:-1)
2026:08:24-01:03:14:  512 |CCL_WARN| could not get local_idx/count from environment variables, trying to get them from ATL
2026:08:24-01:03:15:  718:[1] |CCL_WARN| no membind support for NUMA node 0, skip thread membind
2026:08:24-01:03:15:  717:[0] |CCL_WARN| no membind support for NUMA node 0, skip thread membind
2026:08:24-01:03:15:  512:[0] |CCL_WARN| topology recognition shows PCIe connection between devices. If this is not correct, you can disable topology recognition, with CCL_TOPO_FABRIC_VERTEX_CONNECTION_CHECK=0. This will assume XeLinks across devices
2026:08:24-01:03:15:  513:[1] |CCL_WARN| topology recognition shows PCIe connection between devices. If this is not correct, you can disable topology recognition, with CCL_TOPO_FABRIC_VERTEX_CONNECTION_CHECK=0. This will assume XeLinks across devices
{
  "async_hostwait_input": "0",
  "calls_per_sequence": 159,
  "hidden": 5120,
  "mode": "current",
  "rank_results": {
    "0": [
      {
        "bytes": 10240,
        "caller_ms_median": 12.080698041245341,
        "caller_us_per_call_median": 75.97923296380718,
        "correct": true,
        "rows": 1,
        "total_ms_median": 12.132156000006944,
        "total_us_per_call_median": 76.30286792457197,
        "total_us_per_call_p95_repeat": 84.21581759814572
      },
      {
        "bytes": 112640,
        "caller_ms_median": 13.060145021881908,
        "caller_us_per_call_median": 82.1392768671818,
        "correct": true,
        "rows": 11,
        "total_ms_median": 13.111773005221039,
        "total_us_per_call_median": 82.4639811649122,
        "total_us_per_call_p95_repeat": 83.02435876344735
      },
      {
        "bytes": 450560,
        "caller_ms_median": 18.27806798974052,
        "caller_us_per_call_median": 114.95640245119824,
        "correct": true,
        "rows": 44,
        "total_ms_median": 18.329555983655155,
        "total_us_per_call_median": 115.28022631229658,
        "total_us_per_call_p95_repeat": 115.92535206860623
      }
    ],
    "1": [
      {
        "bytes": 10240,
        "caller_ms_median": 12.091770011465997,
        "caller_us_per_call_median": 76.04886799664149,
        "correct": true,
        "rows": 1,
        "total_ms_median": 12.144630018156022,
        "total_us_per_call_median": 76.3813208689058,
        "total_us_per_call_p95_repeat": 84.11196854152956
      },
      {
        "bytes": 112640,
        "caller_ms_median": 13.05431395303458,
        "caller_us_per_call_median": 82.1026034782049,
        "correct": true,
        "rows": 11,
        "total_ms_median": 13.106974947731942,
        "total_us_per_call_median": 82.43380470271661,
        "total_us_per_call_p95_repeat": 83.02114452909
      },
      {
        "bytes": 450560,
        "caller_ms_median": 18.287825980223715,
        "caller_us_per_call_median": 115.01777346052651,
        "correct": true,
        "rows": 44,
        "total_ms_median": 18.343732983339578,
        "total_us_per_call_median": 115.36938983232439,
        "total_us_per_call_p95_repeat": 115.85232049062755
      }
    ]
  },
  "rows": [
    1,
    11,
    44
  ]
}
