W0824 01:01:09.942000 1 torch/utils/_pytree.py:630] <enum 'KernelPreference'> is an Enum subclass and is now natively supported by torch.compile as an opaque value type. Calling register_constant() on Enum subclasses is deprecated and will be an error in a future release.
W0824 01:01:09.973000 1 torch/utils/_pytree.py:630] <enum 'ScaleCalculationMode'> is an Enum subclass and is now natively supported by torch.compile as an opaque value type. Calling register_constant() on Enum subclasses is deprecated and will be an error in a future release.
/opt/venv/lib/python3.12/site-packages/sglang/srt/layers/quantization/gguf.py:64: UserWarning: Only CUDA, MUSA and NPU support GGUF quantization currently.
  warnings.warn(f"Only CUDA, MUSA and NPU support GGUF quantization currently.")
[woq-shim] torch.cuda.{synchronize,Stream,Event,...} -> torch.xpu (for spec-decode)
[woq-shim] installed: GPTQLinearScheme -> auto_round_kernel.woqgemm (XPU int4)
W0824 01:01:38.948000 513 torch/utils/_pytree.py:630] <enum 'KernelPreference'> is an Enum subclass and is now natively supported by torch.compile as an opaque value type. Calling register_constant() on Enum subclasses is deprecated and will be an error in a future release.
W0824 01:01:38.980000 513 torch/utils/_pytree.py:630] <enum 'ScaleCalculationMode'> is an Enum subclass and is now natively supported by torch.compile as an opaque value type. Calling register_constant() on Enum subclasses is deprecated and will be an error in a future release.
W0824 01:01:39.251000 511 torch/utils/_pytree.py:630] <enum 'KernelPreference'> is an Enum subclass and is now natively supported by torch.compile as an opaque value type. Calling register_constant() on Enum subclasses is deprecated and will be an error in a future release.
W0824 01:01:39.283000 511 torch/utils/_pytree.py:630] <enum 'ScaleCalculationMode'> is an Enum subclass and is now natively supported by torch.compile as an opaque value type. Calling register_constant() on Enum subclasses is deprecated and will be an error in a future release.
W0824 01:01:39.646000 512 torch/utils/_pytree.py:630] <enum 'KernelPreference'> is an Enum subclass and is now natively supported by torch.compile as an opaque value type. Calling register_constant() on Enum subclasses is deprecated and will be an error in a future release.
W0824 01:01:39.678000 512 torch/utils/_pytree.py:630] <enum 'ScaleCalculationMode'> is an Enum subclass and is now natively supported by torch.compile as an opaque value type. Calling register_constant() on Enum subclasses is deprecated and will be an error in a future release.
/opt/venv/lib/python3.12/site-packages/sglang/srt/layers/quantization/gguf.py:64: UserWarning: Only CUDA, MUSA and NPU support GGUF quantization currently.
  warnings.warn(f"Only CUDA, MUSA and NPU support GGUF quantization currently.")
[woq-shim] torch.cuda.{synchronize,Stream,Event,...} -> torch.xpu (for spec-decode)
[woq-shim] installed: GPTQLinearScheme -> auto_round_kernel.woqgemm (XPU int4)
/opt/venv/lib/python3.12/site-packages/sglang/srt/layers/quantization/gguf.py:64: UserWarning: Only CUDA, MUSA and NPU support GGUF quantization currently.
  warnings.warn(f"Only CUDA, MUSA and NPU support GGUF quantization currently.")
[woq-shim] torch.cuda.{synchronize,Stream,Event,...} -> torch.xpu (for spec-decode)
[woq-shim] installed: GPTQLinearScheme -> auto_round_kernel.woqgemm (XPU int4)
/opt/venv/lib/python3.12/site-packages/sglang/srt/layers/quantization/gguf.py:64: UserWarning: Only CUDA, MUSA and NPU support GGUF quantization currently.
  warnings.warn(f"Only CUDA, MUSA and NPU support GGUF quantization currently.")
[woq-shim] torch.cuda.{synchronize,Stream,Event,...} -> torch.xpu (for spec-decode)
[woq-shim] installed: GPTQLinearScheme -> auto_round_kernel.woqgemm (XPU int4)
/opt/venv/lib/python3.12/site-packages/torch/distributed/c10d_logger.py:83: UserWarning: barrier(): using the device under current context. You can specify `device_id` in `init_process_group` to mute this warning.
  return func(*args, **kwargs)
[rank0]:[W824 01:01:42.838489382 ProcessGroupXCCL.cpp:1916] [PG ID 0 PG GUID 0 Rank 0]  using GPU 0 as device used by this process is currently unknown. This can potentially cause a hang if this rank to GPU mapping is incorrect. You can specify device_id in init_process_group() to force use of a particular device.
2026:08:24-01:01:42:  512 |CCL_WARN| did not find MPI-launcher specific variables, switch to ATL/OFI, to force enable ATL/MPI set CCL_ATL_TRANSPORT=mpi
2026:08:24-01:01:42:  512 |CCL_WARN| value of CCL_TOPO_P2P_ACCESS changed to be 0 (default:-1)
2026:08:24-01:01:42:  512 |CCL_WARN| could not get local_idx/count from environment variables, trying to get them from ATL
[rank1]:[W824 01:01:42.024418337 ProcessGroupXCCL.cpp:1916] [PG ID 0 PG GUID 0 Rank 1]  using GPU 1 as device used by this process is currently unknown. This can potentially cause a hang if this rank to GPU mapping is incorrect. You can specify device_id in init_process_group() to force use of a particular device.
2026:08:24-01:01:42:  513 |CCL_WARN| did not find MPI-launcher specific variables, switch to ATL/OFI, to force enable ATL/MPI set CCL_ATL_TRANSPORT=mpi
2026:08:24-01:01:42:  513 |CCL_WARN| value of CCL_TOPO_P2P_ACCESS changed to be 0 (default:-1)
2026:08:24-01:01:42:  513 |CCL_WARN| could not get local_idx/count from environment variables, trying to get them from ATL
2026:08:24-01:01:43:  718:[1] |CCL_WARN| no membind support for NUMA node 0, skip thread membind
2026:08:24-01:01:43:  717:[0] |CCL_WARN| no membind support for NUMA node 0, skip thread membind
2026:08:24-01:01:43:  512:[0] |CCL_WARN| topology recognition shows PCIe connection between devices. If this is not correct, you can disable topology recognition, with CCL_TOPO_FABRIC_VERTEX_CONNECTION_CHECK=0. This will assume XeLinks across devices
2026:08:24-01:01:43:  513:[1] |CCL_WARN| topology recognition shows PCIe connection between devices. If this is not correct, you can disable topology recognition, with CCL_TOPO_FABRIC_VERTEX_CONNECTION_CHECK=0. This will assume XeLinks across devices
{
  "async_hostwait_input": "0",
  "calls_per_sequence": 159,
  "hidden": 5120,
  "mode": "oneccl",
  "rank_results": {
    "0": [
      {
        "bytes": 10240,
        "caller_ms_median": 20.834188035223633,
        "caller_us_per_call_median": 131.0326291523499,
        "correct": true,
        "rows": 1,
        "total_ms_median": 21.180418028961867,
        "total_us_per_call_median": 133.21017628277903,
        "total_us_per_call_p95_repeat": 134.82072954388252
      },
      {
        "bytes": 112640,
        "caller_ms_median": 26.988335011992604,
        "caller_us_per_call_median": 169.73795605026794,
        "correct": true,
        "rows": 11,
        "total_ms_median": 27.06398902228102,
        "total_us_per_call_median": 170.2137674357297,
        "total_us_per_call_p95_repeat": 171.28738357960802
      },
      {
        "bytes": 450560,
        "caller_ms_median": 24.555699026677758,
        "caller_us_per_call_median": 154.43835865835067,
        "correct": true,
        "rows": 44,
        "total_ms_median": 59.36372297583148,
        "total_us_per_call_median": 373.3567482756697,
        "total_us_per_call_p95_repeat": 373.68032063574253
      }
    ],
    "1": [
      {
        "bytes": 10240,
        "caller_ms_median": 21.21391100808978,
        "caller_us_per_call_median": 133.4208239502502,
        "correct": true,
        "rows": 1,
        "total_ms_median": 21.29044698085636,
        "total_us_per_call_median": 133.90218226953684,
        "total_us_per_call_p95_repeat": 135.40618256343612
      },
      {
        "bytes": 112640,
        "caller_ms_median": 23.397993005346507,
        "caller_us_per_call_median": 147.15718871287112,
        "correct": true,
        "rows": 11,
        "total_ms_median": 27.026486990507692,
        "total_us_per_call_median": 169.9779056006773,
        "total_us_per_call_p95_repeat": 170.85366658339242
      },
      {
        "bytes": 450560,
        "caller_ms_median": 25.270902027841657,
        "caller_us_per_call_median": 158.9364907411425,
        "correct": true,
        "rows": 44,
        "total_ms_median": 59.38377103302628,
        "total_us_per_call_median": 373.48283668569985,
        "total_us_per_call_p95_repeat": 373.93231441284405
      }
    ]
  },
  "rows": [
    1,
    11,
    44
  ]
}
