TRACE -> results/logs/qwen36_s2b_exactcc_clone_p2p1_june_e190_native_june122_xpu_profile_20260826T020000Z_june122_xpu_profile/xpu_profile/1787709456189643008-rank-0.1787709557078400172.pt.trace.json.gz
ITERATION -> count=8 cpu_median_ms=33.404871 visible_device_mean_ms=1.671066
DRIVER -> zeCommandQueueExecuteCommandLists count_median=82.0 cpu_mean_us=510.432
DRIVER -> zeFenceReset count_median=41.0 cpu_mean_us=3.951
DRIVER -> zeEventHostSynchronize count_median=41.0 cpu_mean_us=99.816
DRIVER -> zeCommandListAppendBarrier count_median=123.0 cpu_mean_us=1036.862
DRIVER -> zeCommandListAppendLaunchKernel count_median=105.0 cpu_mean_us=1066.750
DRIVER -> urEnqueueKernelLaunch count_median=105.0 cpu_mean_us=7759.022
DEVICE -> gemm_visible count=8 mean_ms_per_iteration=0.960325
DEVICE -> gdn_visible count=480 mean_ms_per_iteration=0.367745
DEVICE -> full_attention_visible count=80 mean_ms_per_iteration=0.222418
DEVICE -> other_visible count=184 mean_ms_per_iteration=0.045811
DEVICE -> collective_visible count=8 mean_ms_per_iteration=0.026757
DEVICE -> memcpy_visible count=88 mean_ms_per_iteration=0.024148
DEVICE -> kv_cache_visible count=80 mean_ms_per_iteration=0.023861
TRACE -> results/logs/qwen36_s2b_exactcc_clone_p2p1_june_e190_native_june122_xpu_profile_20260826T020000Z_june122_xpu_profile/xpu_profile/1787709456189643008-rank-1.1787709557082903338.pt.trace.json.gz
ITERATION -> count=8 cpu_median_ms=33.268015 visible_device_mean_ms=2.170872
DRIVER -> zeCommandQueueExecuteCommandLists count_median=82.0 cpu_mean_us=507.306
DRIVER -> zeFenceReset count_median=41.0 cpu_mean_us=4.179
DRIVER -> zeEventHostSynchronize count_median=41.0 cpu_mean_us=94.317
DRIVER -> zeCommandListAppendBarrier count_median=123.0 cpu_mean_us=1051.236
DRIVER -> zeCommandListAppendLaunchKernel count_median=105.0 cpu_mean_us=1069.056
DRIVER -> urEnqueueKernelLaunch count_median=105.0 cpu_mean_us=7690.503
DEVICE -> gemm_visible count=8 mean_ms_per_iteration=0.959830
DEVICE -> collective_visible count=8 mean_ms_per_iteration=0.525390
DEVICE -> gdn_visible count=480 mean_ms_per_iteration=0.370143
DEVICE -> full_attention_visible count=80 mean_ms_per_iteration=0.221623
DEVICE -> other_visible count=184 mean_ms_per_iteration=0.045512
DEVICE -> memcpy_visible count=88 mean_ms_per_iteration=0.024643
DEVICE -> kv_cache_visible count=80 mean_ms_per_iteration=0.023730
