[woq-shim] torch.cuda.{synchronize,Stream,Event,...} -> torch.xpu (for spec-decode)
[woq-shim] installed: GPTQLinearScheme -> auto_round_kernel.woqgemm (XPU int4)
(no ipex: No module named 'intel_extension_for_pytorch' )
(no oneccl_bindings: No module named 'oneccl_bindings_for_pytorch' )
torch 2.12.0+xpu xpu count 2
[woq-shim] torch.cuda.{synchronize,Stream,Event,...} -> torch.xpu (for spec-decode)
[woq-shim] installed: GPTQLinearScheme -> auto_round_kernel.woqgemm (XPU int4)
[woq-shim] torch.cuda.{synchronize,Stream,Event,...} -> torch.xpu (for spec-decode)
[woq-shim] installed: GPTQLinearScheme -> auto_round_kernel.woqgemm (XPU int4)
[woq-shim] torch.cuda.{synchronize,Stream,Event,...} -> torch.xpu (for spec-decode)
[woq-shim] installed: GPTQLinearScheme -> auto_round_kernel.woqgemm (XPU int4)
2026:08:23-21:34:11:  512 |CCL_WARN| did not find MPI-launcher specific variables, switch to ATL/OFI, to force enable ATL/MPI set CCL_ATL_TRANSPORT=mpi
2026:08:23-21:34:11:  512 |CCL_WARN| value of CCL_TOPO_P2P_ACCESS changed to be 0 (default:-1)
2026:08:23-21:34:11:  512 |CCL_WARN| could not get local_idx/count from environment variables, trying to get them from ATL
2026:08:23-21:34:11:  513 |CCL_WARN| did not find MPI-launcher specific variables, switch to ATL/OFI, to force enable ATL/MPI set CCL_ATL_TRANSPORT=mpi
2026:08:23-21:34:11:  513 |CCL_WARN| could not get local_idx/count from environment variables, trying to get them from ATL
2026:08:23-21:34:11:  717:[0] |CCL_WARN| no membind support for NUMA node 0, skip thread membind
2026:08:23-21:34:11:  718:[1] |CCL_WARN| no membind support for NUMA node 0, skip thread membind
2026:08:23-21:34:11:  512:[0] |CCL_WARN| topology recognition shows PCIe connection between devices. If this is not correct, you can disable topology recognition, with CCL_TOPO_FABRIC_VERTEX_CONNECTION_CHECK=0. This will assume XeLinks across devices
(no ipex: No module named 'intel_extension_for_pytorch' )
(no oneccl_bindings: No module named 'oneccl_bindings_for_pytorch' )
(no ipex: No module named 'intel_extension_for_pytorch' )
(no oneccl_bindings: No module named 'oneccl_bindings_for_pytorch' )

=== all-reduce bench: world=2 backend=xccl ===
       bytes  iters     lat_ms   algbw_GB/s   busbw_GB/s
        4096     50      0.081         0.05         0.05
        8192     50      0.078         0.11         0.11
       16384     50      0.083         0.20         0.20
       32768     50      0.091         0.36         0.36
       65536     50      0.111         0.59         0.59
      131072     50      0.117         1.12         1.12
      262144     50      0.220         1.19         1.19
      524288     50      0.429         1.22         1.22
     1048576     50      0.853         1.23         1.23
     2097152     20      1.827         1.15         1.15
     4194304     20      3.545         1.18         1.18
     8388608     20      7.231         1.16         1.16
    16777216     20     14.541         1.15         1.15
    33554432     10     28.637         1.17         1.17
    67108864     10     58.157         1.15         1.15
   134217728     10    109.066         1.23         1.23
   268435456     10    216.913         1.24         1.24
=== all-reduce bench DONE ===
